// Jest Snapshot v1, https://goo.gl/fbAQLP

exports[`matches snapshot 1`] = `
<form
  className=""
>
  <div
    className="input-group"
  >
    <input
      className="form-control"
      placeholder="Enter search term here"
    />
    <div
      className="input-group-append"
    >
      <button
        className="btn btn-primary"
        disabled={false}
        type="button"
      >
        Button
      </button>
    </div>
  </div>
</form>
`;
