// Jest Snapshot v1, https://goo.gl/fbAQLP

exports[`matches snapshot 1`] = `
<div>
  <form
    className=""
    onSubmit={[Function]}
  >
    <div
      className="input-group"
    >
      <input
        className="form-control"
        onChange={[Function]}
        placeholder="Enter search term here"
      />
      <div
        className="input-group-append"
      >
        <button
          className="btn btn-primary"
          disabled={false}
          onClick={[Function]}
          type="button"
        >
          Button
        </button>
      </div>
    </div>
  </form>
  <div
    className="container"
  >
    <div
      className="row"
    />
  </div>
</div>
`;
